2025-12-30 19:31:06,014 - unified_server - INFO - Health monitor initialized
2025-12-30 19:31:06,771 - unified_server - INFO - Initialized UnifiedSandboxServer with config
2025-12-30 19:31:07,014 - unified_server - DEBUG - Performance: system.monitor took 0.00ms
2025-12-30 19:31:07,116 - unified_server - WARNING - Health check: unhealthy
2025-12-31 01:40:49,211 - unified_server - INFO - Health monitor initialized
2025-12-31 01:40:49,969 - unified_server - INFO - Initialized UnifiedSandboxServer with config
2025-12-31 01:40:50,211 - unified_server - DEBUG - Performance: system.monitor took 0.00ms
2025-12-31 01:40:50,314 - unified_server - WARNING - Health check: unhealthy
2025-12-31 01:44:58,181 - unified_server - INFO - Health monitor initialized
2025-12-31 01:44:58,757 - unified_server - INFO - Initialized UnifiedSandboxServer with config
2025-12-31 01:44:59,181 - unified_server - DEBUG - Performance: system.monitor took 0.00ms
2025-12-31 01:44:59,287 - unified_server - WARNING - Health check: unhealthy
2025-12-31 01:46:00,182 - unified_server - DEBUG - Performance: system.monitor took 0.00ms
2025-12-31 01:46:00,389 - unified_server - WARNING - Health check: unhealthy
2025-12-31 01:56:59,673 - unified_server - INFO - Health monitor initialized
2025-12-31 01:57:00,325 - unified_server - INFO - Initialized UnifiedSandboxServer with config
2025-12-31 01:57:00,674 - unified_server - DEBUG - Performance: system.monitor took 0.00ms
2025-12-31 01:57:00,778 - unified_server - WARNING - Health check: unhealthy
2025-12-31 01:58:01,675 - unified_server - DEBUG - Performance: system.monitor took 0.00ms
2025-12-31 01:58:01,880 - unified_server - WARNING - Health check: unhealthy
2025-12-31 01:59:02,675 - unified_server - DEBUG - Performance: system.monitor took 0.00ms
2025-12-31 01:59:02,982 - unified_server - WARNING - Health check: unhealthy
2025-12-31 02:00:03,676 - unified_server - DEBUG - Performance: system.monitor took 0.00ms
2025-12-31 02:00:04,084 - unified_server - WARNING - Health check: unhealthy
2025-12-31 02:01:04,677 - unified_server - DEBUG - Performance: system.monitor took 0.00ms
2025-12-31 02:01:05,186 - unified_server - WARNING - Health check: unhealthy
2025-12-31 02:02:05,678 - unified_server - DEBUG - Performance: system.monitor took 0.00ms
2025-12-31 02:02:06,288 - unified_server - WARNING - Health check: unhealthy
2025-12-31 02:03:06,678 - unified_server - DEBUG - Performance: system.monitor took 0.00ms
2025-12-31 02:03:07,390 - unified_server - WARNING - Health check: unhealthy
2025-12-31 02:04:07,679 - unified_server - DEBUG - Performance: system.monitor took 0.00ms
2025-12-31 02:04:08,493 - unified_server - WARNING - Health check: unhealthy
2025-12-31 02:04:19,565 - unified_server - INFO - Health monitor initialized
2025-12-31 02:04:20,142 - unified_server - INFO - Initialized UnifiedSandboxServer with config
2025-12-31 02:04:20,565 - unified_server - DEBUG - Performance: system.monitor took 0.00ms
2025-12-31 02:04:20,668 - unified_server - WARNING - Health check: unhealthy
2025-12-31 02:05:21,566 - unified_server - DEBUG - Performance: system.monitor took 0.00ms
2025-12-31 02:05:21,770 - unified_server - WARNING - Health check: unhealthy
2025-12-31 02:06:22,567 - unified_server - DEBUG - Performance: system.monitor took 0.00ms
2025-12-31 02:06:22,872 - unified_server - WARNING - Health check: unhealthy
2025-12-31 02:07:23,567 - unified_server - DEBUG - Performance: system.monitor took 0.00ms
2025-12-31 02:07:23,974 - unified_server - WARNING - Health check: unhealthy
2025-12-31 02:08:24,568 - unified_server - DEBUG - Performance: system.monitor took 0.00ms
2025-12-31 02:08:25,076 - unified_server - WARNING - Health check: unhealthy
2025-12-31 02:09:25,569 - unified_server - DEBUG - Performance: system.monitor took 0.00ms
2025-12-31 02:09:26,179 - unified_server - WARNING - Health check: unhealthy
2025-12-31 02:10:26,570 - unified_server - DEBUG - Performance: system.monitor took 0.00ms
2025-12-31 02:10:27,281 - unified_server - WARNING - Health check: unhealthy
2025-12-31 02:11:27,571 - unified_server - DEBUG - Performance: system.monitor took 0.00ms
2025-12-31 02:11:28,383 - unified_server - WARNING - Health check: unhealthy
2025-12-31 02:12:28,571 - unified_server - DEBUG - Performance: system.monitor took 0.00ms
2025-12-31 02:12:29,485 - unified_server - WARNING - Health check: unhealthy
2025-12-31 02:13:29,572 - unified_server - DEBUG - Performance: system.monitor took 0.00ms
2025-12-31 02:13:30,587 - unified_server - WARNING - Health check: unhealthy
2025-12-31 02:14:30,573 - unified_server - DEBUG - Performance: system.monitor took 0.00ms
2025-12-31 02:14:31,689 - unified_server - WARNING - Health check: unhealthy
2025-12-31 02:15:31,574 - unified_server - DEBUG - Performance: system.monitor took 0.00ms
2025-12-31 02:15:32,791 - unified_server - WARNING - Health check: unhealthy
2025-12-31 02:16:32,575 - unified_server - DEBUG - Performance: system.monitor took 0.00ms
2025-12-31 02:16:33,893 - unified_server - WARNING - Health check: unhealthy
2025-12-31 02:17:33,576 - unified_server - DEBUG - Performance: system.monitor took 0.00ms
2025-12-31 02:17:34,995 - unified_server - WARNING - Health check: unhealthy
2025-12-31 02:18:34,577 - unified_server - DEBUG - Performance: system.monitor took 0.00ms
2025-12-31 02:18:36,097 - unified_server - WARNING - Health check: unhealthy
2025-12-31 02:19:35,578 - unified_server - DEBUG - Performance: system.monitor took 0.00ms
2025-12-31 02:19:37,200 - unified_server - WARNING - Health check: unhealthy
2025-12-31 02:20:36,579 - unified_server - DEBUG - Performance: system.monitor took 0.00ms
2025-12-31 02:20:38,302 - unified_server - WARNING - Health check: unhealthy
2025-12-31 02:21:37,580 - unified_server - DEBUG - Performance: system.monitor took 0.00ms
2025-12-31 02:21:39,404 - unified_server - WARNING - Health check: unhealthy
2025-12-31 02:22:38,580 - unified_server - DEBUG - Performance: system.monitor took 0.00ms
2025-12-31 02:22:40,507 - unified_server - WARNING - Health check: unhealthy
2025-12-31 02:23:39,581 - unified_server - DEBUG - Performance: system.monitor took 0.00ms
2025-12-31 02:23:41,609 - unified_server - WARNING - Health check: unhealthy
2025-12-31 02:24:40,582 - unified_server - DEBUG - Performance: system.monitor took 0.00ms
2025-12-31 02:24:42,711 - unified_server - WARNING - Health check: unhealthy
2025-12-31 02:25:41,583 - unified_server - DEBUG - Performance: system.monitor took 0.00ms
2025-12-31 02:25:43,813 - unified_server - WARNING - Health check: unhealthy
2025-12-31 02:26:42,584 - unified_server - DEBUG - Performance: system.monitor took 0.00ms
2025-12-31 02:26:44,915 - unified_server - WARNING - Health check: unhealthy
2025-12-31 02:27:43,585 - unified_server - DEBUG - Performance: system.monitor took 0.00ms
2025-12-31 02:27:46,017 - unified_server - WARNING - Health check: unhealthy
2025-12-31 02:28:44,586 - unified_server - DEBUG - Performance: system.monitor took 0.00ms
2025-12-31 02:28:47,120 - unified_server - WARNING - Health check: unhealthy
2025-12-31 02:29:45,587 - unified_server - DEBUG - Performance: system.monitor took 0.00ms
2025-12-31 02:29:48,222 - unified_server - WARNING - Health check: unhealthy
2025-12-31 02:30:46,588 - unified_server - DEBUG - Performance: system.monitor took 0.00ms
2025-12-31 02:30:49,324 - unified_server - WARNING - Health check: unhealthy
2025-12-31 02:31:47,589 - unified_server - DEBUG - Performance: system.monitor took 0.00ms
2025-12-31 02:31:50,426 - unified_server - WARNING - Health check: unhealthy
2025-12-31 02:32:48,590 - unified_server - DEBUG - Performance: system.monitor took 0.00ms
2025-12-31 02:32:51,528 - unified_server - WARNING - Health check: unhealthy
2025-12-31 02:33:49,590 - unified_server - DEBUG - Performance: system.monitor took 0.00ms
2025-12-31 02:33:52,630 - unified_server - WARNING - Health check: unhealthy
2025-12-31 02:34:39,234 - unified_server - INFO - Health monitor initialized
2025-12-31 02:34:39,842 - unified_server - INFO - Initialized UnifiedSandboxServer with config
2025-12-31 02:34:40,235 - unified_server - DEBUG - Performance: system.monitor took 0.00ms
2025-12-31 02:34:40,339 - unified_server - WARNING - Health check: unhealthy
2025-12-31 02:38:54,660 - unified_server - INFO - Health monitor initialized
2025-12-31 02:38:55,231 - unified_server - INFO - Initialized UnifiedSandboxServer with config
2025-12-31 02:38:55,660 - unified_server - DEBUG - Performance: system.monitor took 0.00ms
2025-12-31 02:38:55,764 - unified_server - WARNING - Health check: unhealthy
2025-12-31 02:39:56,661 - unified_server - DEBUG - Performance: system.monitor took 0.00ms
2025-12-31 02:39:56,866 - unified_server - WARNING - Health check: unhealthy
2025-12-31 02:40:14,620 - unified_server - INFO - Health monitor initialized
2025-12-31 02:40:15,205 - unified_server - INFO - Initialized UnifiedSandboxServer with config
2025-12-31 02:40:15,620 - unified_server - DEBUG - Performance: system.monitor took 0.00ms
2025-12-31 02:40:15,723 - unified_server - WARNING - Health check: unhealthy
2025-12-31 02:41:16,621 - unified_server - DEBUG - Performance: system.monitor took 0.00ms
2025-12-31 02:41:16,825 - unified_server - WARNING - Health check: unhealthy
2025-12-31 02:41:54,287 - unified_server - INFO - Health monitor initialized
2025-12-31 02:41:54,859 - unified_server - INFO - Initialized UnifiedSandboxServer with config
2025-12-31 02:41:55,288 - unified_server - DEBUG - Performance: system.monitor took 0.00ms
2025-12-31 02:41:55,390 - unified_server - WARNING - Health check: unhealthy
2025-12-31 02:41:59,955 - unified_server - INFO - Cleaning up server resources...
2025-12-31 02:42:03,890 - unified_server - INFO - Health monitor initialized
2025-12-31 02:42:04,468 - unified_server - INFO - Initialized UnifiedSandboxServer with config
2025-12-31 02:42:04,891 - unified_server - DEBUG - Performance: system.monitor took 0.00ms
2025-12-31 02:42:04,961 - unified_server - INFO - Health monitor cleaned up
2025-12-31 02:42:04,993 - unified_server - WARNING - Health check: unhealthy
2025-12-31 02:43:05,892 - unified_server - DEBUG - Performance: system.monitor took 0.00ms
2025-12-31 02:43:06,095 - unified_server - WARNING - Health check: unhealthy
2025-12-31 02:44:06,892 - unified_server - DEBUG - Performance: system.monitor took 0.00ms
2025-12-31 02:44:07,197 - unified_server - WARNING - Health check: unhealthy
2025-12-31 02:45:07,893 - unified_server - DEBUG - Performance: system.monitor took 0.00ms
2025-12-31 02:45:08,299 - unified_server - WARNING - Health check: unhealthy
2025-12-31 02:46:08,895 - unified_server - DEBUG - Performance: system.monitor took 0.00ms
2025-12-31 02:46:09,401 - unified_server - WARNING - Health check: unhealthy
2025-12-31 02:46:16,461 - unified_server - INFO - Health monitor initialized
2025-12-31 02:46:17,063 - unified_server - INFO - Initialized UnifiedSandboxServer with config
2025-12-31 02:46:17,461 - unified_server - DEBUG - Performance: system.monitor took 0.00ms
2025-12-31 02:46:17,565 - unified_server - WARNING - Health check: unhealthy
2025-12-31 02:47:18,462 - unified_server - DEBUG - Performance: system.monitor took 0.00ms
2025-12-31 02:47:18,667 - unified_server - WARNING - Health check: unhealthy
2025-12-31 02:48:19,463 - unified_server - DEBUG - Performance: system.monitor took 0.00ms
2025-12-31 02:48:19,769 - unified_server - WARNING - Health check: unhealthy
2025-12-31 02:49:20,464 - unified_server - DEBUG - Performance: system.monitor took 0.00ms
2025-12-31 02:49:20,871 - unified_server - WARNING - Health check: unhealthy
2025-12-31 02:49:29,210 - unified_server - INFO - Health monitor initialized
2025-12-31 02:49:29,822 - unified_server - INFO - Initialized UnifiedSandboxServer with config
2025-12-31 02:49:30,210 - unified_server - DEBUG - Performance: system.monitor took 0.00ms
2025-12-31 02:49:30,313 - unified_server - WARNING - Health check: unhealthy
2025-12-31 02:50:21,897 - unified_server - INFO - Health monitor initialized
2025-12-31 02:50:22,575 - unified_server - INFO - Initialized UnifiedSandboxServer with config
2025-12-31 02:50:22,898 - unified_server - DEBUG - Performance: system.monitor took 0.00ms
2025-12-31 02:50:23,001 - unified_server - WARNING - Health check: unhealthy
2025-12-31 02:51:23,899 - unified_server - DEBUG - Performance: system.monitor took 0.00ms
2025-12-31 02:51:24,103 - unified_server - WARNING - Health check: unhealthy
2025-12-31 02:51:45,240 - unified_server - INFO - Health monitor initialized
2025-12-31 02:51:45,849 - unified_server - INFO - Initialized UnifiedSandboxServer with config
2025-12-31 02:51:46,240 - unified_server - DEBUG - Performance: system.monitor took 0.00ms
2025-12-31 02:51:46,342 - unified_server - WARNING - Health check: unhealthy
2025-12-31 02:52:47,241 - unified_server - DEBUG - Performance: system.monitor took 0.00ms
2025-12-31 02:52:47,444 - unified_server - WARNING - Health check: unhealthy
2025-12-31 02:53:48,242 - unified_server - DEBUG - Performance: system.monitor took 0.00ms
2025-12-31 02:53:48,546 - unified_server - WARNING - Health check: unhealthy
2025-12-31 02:54:49,243 - unified_server - DEBUG - Performance: system.monitor took 0.00ms
2025-12-31 02:54:49,648 - unified_server - WARNING - Health check: unhealthy
2025-12-31 02:55:50,243 - unified_server - DEBUG - Performance: system.monitor took 0.00ms
2025-12-31 02:55:50,750 - unified_server - WARNING - Health check: unhealthy
2025-12-31 02:56:51,244 - unified_server - DEBUG - Performance: system.monitor took 0.00ms
2025-12-31 02:56:51,853 - unified_server - WARNING - Health check: unhealthy
2025-12-31 02:57:52,245 - unified_server - DEBUG - Performance: system.monitor took 0.00ms
2025-12-31 02:57:52,955 - unified_server - WARNING - Health check: unhealthy
2025-12-31 02:58:53,246 - unified_server - DEBUG - Performance: system.monitor took 0.00ms
2025-12-31 02:58:54,057 - unified_server - WARNING - Health check: unhealthy
2025-12-31 02:59:54,246 - unified_server - DEBUG - Performance: system.monitor took 0.00ms
2025-12-31 02:59:55,159 - unified_server - WARNING - Health check: unhealthy
2025-12-31 03:00:55,247 - unified_server - DEBUG - Performance: system.monitor took 0.00ms
2025-12-31 03:00:56,262 - unified_server - WARNING - Health check: unhealthy
2025-12-31 03:01:56,248 - unified_server - DEBUG - Performance: system.monitor took 0.00ms
2025-12-31 03:01:57,364 - unified_server - WARNING - Health check: unhealthy
2025-12-31 03:02:57,249 - unified_server - DEBUG - Performance: system.monitor took 0.00ms
2025-12-31 03:02:58,466 - unified_server - WARNING - Health check: unhealthy
2025-12-31 03:03:58,250 - unified_server - DEBUG - Performance: system.monitor took 0.00ms
2025-12-31 03:03:59,568 - unified_server - WARNING - Health check: unhealthy
2025-12-31 03:04:59,251 - unified_server - DEBUG - Performance: system.monitor took 0.00ms
2025-12-31 03:05:00,670 - unified_server - WARNING - Health check: unhealthy
2025-12-31 03:06:00,251 - unified_server - DEBUG - Performance: system.monitor took 0.00ms
2025-12-31 03:06:01,772 - unified_server - WARNING - Health check: unhealthy
2025-12-31 03:07:01,252 - unified_server - DEBUG - Performance: system.monitor took 0.00ms
2025-12-31 03:07:02,874 - unified_server - WARNING - Health check: unhealthy
2025-12-31 03:08:02,253 - unified_server - DEBUG - Performance: system.monitor took 0.00ms
2025-12-31 03:08:03,976 - unified_server - WARNING - Health check: unhealthy
2025-12-31 03:09:03,254 - unified_server - DEBUG - Performance: system.monitor took 0.00ms
2025-12-31 03:09:05,079 - unified_server - WARNING - Health check: unhealthy
2025-12-31 03:10:04,255 - unified_server - DEBUG - Performance: system.monitor took 0.00ms
2025-12-31 03:10:06,181 - unified_server - WARNING - Health check: unhealthy
2025-12-31 03:11:05,256 - unified_server - DEBUG - Performance: system.monitor took 0.00ms
2025-12-31 03:11:07,283 - unified_server - WARNING - Health check: unhealthy
2025-12-31 03:12:06,257 - unified_server - DEBUG - Performance: system.monitor took 0.00ms
2025-12-31 03:12:08,385 - unified_server - WARNING - Health check: unhealthy
2025-12-31 03:13:07,258 - unified_server - DEBUG - Performance: system.monitor took 0.00ms
2025-12-31 03:13:09,487 - unified_server - WARNING - Health check: unhealthy
2025-12-31 03:14:08,259 - unified_server - DEBUG - Performance: system.monitor took 0.00ms
2025-12-31 03:14:10,590 - unified_server - WARNING - Health check: unhealthy
2025-12-31 03:15:09,260 - unified_server - DEBUG - Performance: system.monitor took 0.00ms
2025-12-31 03:15:11,692 - unified_server - WARNING - Health check: unhealthy
2025-12-31 03:16:10,260 - unified_server - DEBUG - Performance: system.monitor took 0.00ms
2025-12-31 03:16:12,794 - unified_server - WARNING - Health check: unhealthy
2025-12-31 03:17:11,261 - unified_server - DEBUG - Performance: system.monitor took 0.00ms
2025-12-31 03:17:13,896 - unified_server - WARNING - Health check: unhealthy
2025-12-31 03:18:12,262 - unified_server - DEBUG - Performance: system.monitor took 0.00ms
2025-12-31 03:18:14,999 - unified_server - WARNING - Health check: unhealthy
2025-12-31 03:19:13,263 - unified_server - DEBUG - Performance: system.monitor took 0.00ms
2025-12-31 03:19:16,101 - unified_server - WARNING - Health check: unhealthy
2025-12-31 03:20:14,265 - unified_server - DEBUG - Performance: system.monitor took 0.00ms
2025-12-31 03:20:17,203 - unified_server - WARNING - Health check: unhealthy
2025-12-31 03:21:15,265 - unified_server - DEBUG - Performance: system.monitor took 0.00ms
2025-12-31 03:21:18,305 - unified_server - WARNING - Health check: unhealthy
2025-12-31 03:22:16,266 - unified_server - DEBUG - Performance: system.monitor took 0.00ms
2025-12-31 03:22:19,407 - unified_server - WARNING - Health check: unhealthy
2025-12-31 03:23:17,267 - unified_server - DEBUG - Performance: system.monitor took 0.00ms
2025-12-31 03:23:20,509 - unified_server - WARNING - Health check: unhealthy
2025-12-31 03:24:18,268 - unified_server - DEBUG - Performance: system.monitor took 0.00ms
2025-12-31 03:24:21,611 - unified_server - WARNING - Health check: unhealthy
2025-12-31 03:25:19,269 - unified_server - DEBUG - Performance: system.monitor took 0.00ms
2025-12-31 03:25:22,713 - unified_server - WARNING - Health check: unhealthy
2025-12-31 03:26:20,270 - unified_server - DEBUG - Performance: system.monitor took 0.00ms
2025-12-31 03:26:23,816 - unified_server - WARNING - Health check: unhealthy
2025-12-31 03:27:21,271 - unified_server - DEBUG - Performance: system.monitor took 0.00ms
2025-12-31 03:27:24,918 - unified_server - WARNING - Health check: unhealthy
2025-12-31 03:28:22,272 - unified_server - DEBUG - Performance: system.monitor took 0.00ms
2025-12-31 03:28:26,020 - unified_server - WARNING - Health check: unhealthy
2025-12-31 03:29:23,273 - unified_server - DEBUG - Performance: system.monitor took 0.00ms
2025-12-31 03:29:27,123 - unified_server - WARNING - Health check: unhealthy
2025-12-31 03:30:24,273 - unified_server - DEBUG - Performance: system.monitor took 0.00ms
2025-12-31 03:30:28,226 - unified_server - WARNING - Health check: unhealthy
2025-12-31 03:31:25,274 - unified_server - DEBUG - Performance: system.monitor took 0.00ms
2025-12-31 03:31:29,328 - unified_server - WARNING - Health check: unhealthy
2025-12-31 03:32:26,275 - unified_server - DEBUG - Performance: system.monitor took 0.00ms
2025-12-31 03:32:30,430 - unified_server - WARNING - Health check: unhealthy
2025-12-31 03:33:27,276 - unified_server - DEBUG - Performance: system.monitor took 0.00ms
2025-12-31 03:33:31,532 - unified_server - WARNING - Health check: unhealthy
2025-12-31 03:34:28,277 - unified_server - DEBUG - Performance: system.monitor took 0.00ms
2025-12-31 03:34:32,635 - unified_server - WARNING - Health check: unhealthy
2025-12-31 03:35:29,278 - unified_server - DEBUG - Performance: system.monitor took 0.00ms
2025-12-31 03:35:33,737 - unified_server - WARNING - Health check: unhealthy
2025-12-31 03:36:30,279 - unified_server - DEBUG - Performance: system.monitor took 0.00ms
2025-12-31 03:36:34,839 - unified_server - WARNING - Health check: unhealthy
2025-12-31 03:37:31,279 - unified_server - DEBUG - Performance: system.monitor took 0.00ms
2025-12-31 03:37:35,941 - unified_server - WARNING - Health check: unhealthy
2025-12-31 03:38:32,280 - unified_server - DEBUG - Performance: system.monitor took 0.00ms
2025-12-31 03:38:37,043 - unified_server - WARNING - Health check: unhealthy
2025-12-31 03:39:33,281 - unified_server - DEBUG - Performance: system.monitor took 0.00ms
2025-12-31 03:39:38,146 - unified_server - WARNING - Health check: unhealthy
2025-12-31 03:40:34,282 - unified_server - DEBUG - Performance: system.monitor took 0.00ms
2025-12-31 03:40:39,248 - unified_server - WARNING - Health check: unhealthy
2025-12-31 03:41:35,283 - unified_server - DEBUG - Performance: system.monitor took 0.00ms
2025-12-31 03:41:40,350 - unified_server - WARNING - Health check: unhealthy
2025-12-31 03:42:36,283 - unified_server - DEBUG - Performance: system.monitor took 0.00ms
2025-12-31 03:42:41,452 - unified_server - WARNING - Health check: unhealthy
2025-12-31 03:43:37,284 - unified_server - DEBUG - Performance: system.monitor took 0.00ms
2025-12-31 03:43:42,554 - unified_server - WARNING - Health check: unhealthy
2025-12-31 03:44:38,285 - unified_server - DEBUG - Performance: system.monitor took 0.00ms
2025-12-31 03:44:43,657 - unified_server - WARNING - Health check: unhealthy
2025-12-31 03:45:39,286 - unified_server - DEBUG - Performance: system.monitor took 0.00ms
2025-12-31 03:45:44,759 - unified_server - WARNING - Health check: unhealthy
2025-12-31 03:46:40,287 - unified_server - DEBUG - Performance: system.monitor took 0.00ms
2025-12-31 03:46:45,861 - unified_server - WARNING - Health check: unhealthy
2025-12-31 03:47:41,288 - unified_server - DEBUG - Performance: system.monitor took 0.00ms
2025-12-31 03:47:46,964 - unified_server - WARNING - Health check: unhealthy
2025-12-31 03:48:42,289 - unified_server - DEBUG - Performance: system.monitor took 0.00ms
2025-12-31 03:48:48,066 - unified_server - WARNING - Health check: unhealthy
2025-12-31 03:49:43,290 - unified_server - DEBUG - Performance: system.monitor took 0.00ms
2025-12-31 03:49:49,168 - unified_server - WARNING - Health check: unhealthy
2025-12-31 03:50:44,291 - unified_server - DEBUG - Performance: system.monitor took 0.00ms
2025-12-31 03:50:50,271 - unified_server - WARNING - Health check: unhealthy
2025-12-31 03:51:45,292 - unified_server - DEBUG - Performance: system.monitor took 0.00ms
2025-12-31 03:51:51,373 - unified_server - WARNING - Health check: unhealthy
2025-12-31 03:52:46,293 - unified_server - DEBUG - Performance: system.monitor took 0.00ms
2025-12-31 03:52:52,475 - unified_server - WARNING - Health check: unhealthy
2025-12-31 03:53:47,293 - unified_server - DEBUG - Performance: system.monitor took 0.00ms
2025-12-31 03:53:53,577 - unified_server - WARNING - Health check: unhealthy
2025-12-31 03:54:48,294 - unified_server - DEBUG - Performance: system.monitor took 0.00ms
2025-12-31 03:54:54,680 - unified_server - WARNING - Health check: unhealthy
2025-12-31 03:55:49,295 - unified_server - DEBUG - Performance: system.monitor took 0.00ms
2025-12-31 03:55:55,782 - unified_server - WARNING - Health check: unhealthy
2025-12-31 03:56:50,296 - unified_server - DEBUG - Performance: system.monitor took 0.00ms
2025-12-31 03:56:56,884 - unified_server - WARNING - Health check: unhealthy
2025-12-31 03:57:51,297 - unified_server - DEBUG - Performance: system.monitor took 0.00ms
2025-12-31 03:57:57,986 - unified_server - WARNING - Health check: unhealthy
2025-12-31 03:58:52,298 - unified_server - DEBUG - Performance: system.monitor took 0.00ms
2025-12-31 03:58:59,088 - unified_server - WARNING - Health check: unhealthy
2025-12-31 03:59:53,299 - unified_server - DEBUG - Performance: system.monitor took 0.00ms
2025-12-31 04:00:00,191 - unified_server - WARNING - Health check: unhealthy
2025-12-31 04:00:54,300 - unified_server - DEBUG - Performance: system.monitor took 0.00ms
2025-12-31 04:01:01,293 - unified_server - WARNING - Health check: unhealthy
2025-12-31 04:01:55,301 - unified_server - DEBUG - Performance: system.monitor took 0.00ms
2025-12-31 04:02:02,395 - unified_server - WARNING - Health check: unhealthy
2025-12-31 04:02:56,301 - unified_server - DEBUG - Performance: system.monitor took 0.00ms
2025-12-31 04:03:03,497 - unified_server - WARNING - Health check: unhealthy
2025-12-31 04:03:57,302 - unified_server - DEBUG - Performance: system.monitor took 0.00ms
2025-12-31 04:04:04,599 - unified_server - WARNING - Health check: unhealthy
2025-12-31 04:04:58,303 - unified_server - DEBUG - Performance: system.monitor took 0.00ms
2025-12-31 04:05:05,701 - unified_server - WARNING - Health check: unhealthy
2025-12-31 04:05:59,304 - unified_server - DEBUG - Performance: system.monitor took 0.00ms
2025-12-31 04:06:06,803 - unified_server - WARNING - Health check: unhealthy
2025-12-31 04:07:00,305 - unified_server - DEBUG - Performance: system.monitor took 0.00ms
2025-12-31 04:07:07,905 - unified_server - WARNING - Health check: unhealthy
2025-12-31 04:08:01,306 - unified_server - DEBUG - Performance: system.monitor took 0.00ms
2025-12-31 04:08:09,007 - unified_server - WARNING - Health check: unhealthy
2025-12-31 04:09:02,307 - unified_server - DEBUG - Performance: system.monitor took 0.00ms
2025-12-31 04:09:10,109 - unified_server - WARNING - Health check: unhealthy
2025-12-31 04:10:03,308 - unified_server - DEBUG - Performance: system.monitor took 0.00ms
2025-12-31 04:10:11,212 - unified_server - WARNING - Health check: unhealthy
2025-12-31 04:11:04,309 - unified_server - DEBUG - Performance: system.monitor took 0.00ms
2025-12-31 04:11:12,314 - unified_server - WARNING - Health check: unhealthy
2025-12-31 04:12:05,310 - unified_server - DEBUG - Performance: system.monitor took 0.00ms
2025-12-31 04:12:13,416 - unified_server - WARNING - Health check: unhealthy
2025-12-31 04:13:06,311 - unified_server - DEBUG - Performance: system.monitor took 0.00ms
2025-12-31 04:13:14,518 - unified_server - WARNING - Health check: unhealthy
2025-12-31 04:14:07,311 - unified_server - DEBUG - Performance: system.monitor took 0.00ms
2025-12-31 04:14:15,620 - unified_server - WARNING - Health check: unhealthy
2025-12-31 04:15:08,312 - unified_server - DEBUG - Performance: system.monitor took 0.00ms
2025-12-31 04:15:16,722 - unified_server - WARNING - Health check: unhealthy
2025-12-31 04:16:09,313 - unified_server - DEBUG - Performance: system.monitor took 0.00ms
2025-12-31 04:16:17,825 - unified_server - WARNING - Health check: unhealthy
2025-12-31 04:17:10,314 - unified_server - DEBUG - Performance: system.monitor took 0.00ms
2025-12-31 04:17:18,927 - unified_server - WARNING - Health check: unhealthy
2025-12-31 04:18:11,315 - unified_server - DEBUG - Performance: system.monitor took 0.00ms
2025-12-31 04:18:20,029 - unified_server - WARNING - Health check: unhealthy
